// Jest Snapshot v1, https://goo.gl/fbAQLP

exports[`<App /> with normal scenario should display App 1`] = `
<p>
  Hello, World
</p>
`;
